...found 1 target...
...found 14 targets...
...updating 1 target...
gcc.compile.c++ bin.v2\libs\filesystem\config\gcc-14\release\x86_64\link-static\threadapi-win32\threading-multi\visibility-hidden\has_cxx20_atomic_ref.o
E:/boost_1_91_0/libs/filesystem/config/has_cxx20_atomic_ref.cpp: In function 'int main()':
E:/boost_1_91_0/libs/filesystem/config/has_cxx20_atomic_ref.cpp:15:10: error: 'atomic_ref' is not a member of 'std'
   15 |     std::atomic_ref< func_t* > ref(func);
      |          ^~~~~~~~~~
E:/boost_1_91_0/libs/filesystem/config/has_cxx20_atomic_ref.cpp:15:10: note: 'std::atomic_ref' is only available from C++20 onwards
E:/boost_1_91_0/libs/filesystem/config/has_cxx20_atomic_ref.cpp:15:28: error: expected primary-expression before '*' token
   15 |     std::atomic_ref< func_t* > ref(func);
      |                            ^
E:/boost_1_91_0/libs/filesystem/config/has_cxx20_atomic_ref.cpp:15:30: error: expected primary-expression before '>' token
   15 |     std::atomic_ref< func_t* > ref(func);
      |                              ^
E:/boost_1_91_0/libs/filesystem/config/has_cxx20_atomic_ref.cpp:15:32: error: 'ref' was not declared in this scope
   15 |     std::atomic_ref< func_t* > ref(func);
      |                                ^~~

    "g++"   -fvisibility-inlines-hidden -m64 -O3 -finline-functions -Wno-inline -Wall -fvisibility=hidden  -DBOOST_ALL_NO_LIB=1 -DNDEBUG   -I"." -I"E:\boost_1_91_0\libs\filesystem\include" -I"E:\boost_1_91_0\libs\filesystem\src"  -c -o "bin.v2\libs\filesystem\config\gcc-14\release\x86_64\link-static\threadapi-win32\threading-multi\visibility-hidden\has_cxx20_atomic_ref.o" "E:/boost_1_91_0/libs/filesystem/config/has_cxx20_atomic_ref.cpp"

...failed gcc.compile.c++ bin.v2\libs\filesystem\config\gcc-14\release\x86_64\link-static\threadapi-win32\threading-multi\visibility-hidden\has_cxx20_atomic_ref.o...

...failed updating 1 target...
   gcc.compile.c++ bin.v2\libs\filesystem\config\gcc-14\release\x86_64\link-static\threadapi-win32\threading-multi\visibility-hidden\has_cxx20_atomic_ref.o
...found 138 targets...
...updating 1 target...
gcc.compile.c++ bin.v2\libs\filesystem\config\gcc-14\release\x86_64\link-static\threadapi-win32\threading-multi\visibility-hidden\has_statx.o
E:/boost_1_91_0/libs/filesystem/config/has_statx.cpp: In function 'int main()':
E:/boost_1_91_0/libs/filesystem/config/has_statx.cpp:17:18: error: aggregate 'main()::statx st' has incomplete type and cannot be defined
   17 |     struct statx st;
      |                  ^~
E:/boost_1_91_0/libs/filesystem/config/has_statx.cpp:18:21: error: 'AT_FDCWD' was not declared in this scope
   18 |     int res = statx(AT_FDCWD, ".", AT_SYMLINK_NOFOLLOW | AT_NO_AUTOMOUNT, STATX_BTIME, &st);
      |                     ^~~~~~~~
E:/boost_1_91_0/libs/filesystem/config/has_statx.cpp:18:36: error: 'AT_SYMLINK_NOFOLLOW' was not declared in this scope
   18 |     int res = statx(AT_FDCWD, ".", AT_SYMLINK_NOFOLLOW | AT_NO_AUTOMOUNT, STATX_BTIME, &st);
      |                                    ^~~~~~~~~~~~~~~~~~~
E:/boost_1_91_0/libs/filesystem/config/has_statx.cpp:18:58: error: 'AT_NO_AUTOMOUNT' was not declared in this scope
   18 |     int res = statx(AT_FDCWD, ".", AT_SYMLINK_NOFOLLOW | AT_NO_AUTOMOUNT, STATX_BTIME, &st);
      |                                                          ^~~~~~~~~~~~~~~
E:/boost_1_91_0/libs/filesystem/config/has_statx.cpp:18:75: error: 'STATX_BTIME' was not declared in this scope
   18 |     int res = statx(AT_FDCWD, ".", AT_SYMLINK_NOFOLLOW | AT_NO_AUTOMOUNT, STATX_BTIME, &st);
      |                                                                           ^~~~~~~~~~~
E:/boost_1_91_0/libs/filesystem/config/has_statx.cpp:18:91: error: invalid use of incomplete type 'struct main()::statx'
   18 |     int res = statx(AT_FDCWD, ".", AT_SYMLINK_NOFOLLOW | AT_NO_AUTOMOUNT, STATX_BTIME, &st);
      |                                                                                           ^
E:/boost_1_91_0/libs/filesystem/config/has_statx.cpp:17:12: note: forward declaration of 'struct main()::statx'
   17 |     struct statx st;
      |            ^~~~~
E:/boost_1_91_0/libs/filesystem/config/has_statx.cpp:18:9: warning: unused variable 'res' [-Wunused-variable]
   18 |     int res = statx(AT_FDCWD, ".", AT_SYMLINK_NOFOLLOW | AT_NO_AUTOMOUNT, STATX_BTIME, &st);
      |         ^~~

    "g++"   -fvisibility-inlines-hidden -m64 -O3 -finline-functions -Wno-inline -Wall -fvisibility=hidden  -DBOOST_ALL_NO_LIB=1 -DNDEBUG   -I"." -I"E:\boost_1_91_0\libs\filesystem\include" -I"E:\boost_1_91_0\libs\filesystem\src"  -c -o "bin.v2\libs\filesystem\config\gcc-14\release\x86_64\link-static\threadapi-win32\threading-multi\visibility-hidden\has_statx.o" "E:/boost_1_91_0/libs/filesystem/config/has_statx.cpp"

...failed gcc.compile.c++ bin.v2\libs\filesystem\config\gcc-14\release\x86_64\link-static\threadapi-win32\threading-multi\visibility-hidden\has_statx.o...

...failed updating 1 target...
   gcc.compile.c++ bin.v2\libs\filesystem\config\gcc-14\release\x86_64\link-static\threadapi-win32\threading-multi\visibility-hidden\has_statx.o
...found 4 targets...
...updating 1 target...
gcc.compile.c++ bin.v2\libs\filesystem\config\gcc-14\release\x86_64\link-static\threadapi-win32\threading-multi\visibility-hidden\has_statx_syscall.o
E:/boost_1_91_0/libs/filesystem/config/has_statx_syscall.cpp:10:10: fatal error: sys/syscall.h: No such file or directory
   10 | #include <sys/syscall.h>
      |          ^~~~~~~~~~~~~~~
compilation terminated.

    "g++"   -fvisibility-inlines-hidden -m64 -O3 -finline-functions -Wno-inline -Wall -fvisibility=hidden  -DBOOST_ALL_NO_LIB=1 -DNDEBUG   -I"." -I"E:\boost_1_91_0\libs\filesystem\include" -I"E:\boost_1_91_0\libs\filesystem\src"  -c -o "bin.v2\libs\filesystem\config\gcc-14\release\x86_64\link-static\threadapi-win32\threading-multi\visibility-hidden\has_statx_syscall.o" "E:/boost_1_91_0/libs/filesystem/config/has_statx_syscall.cpp"

...failed gcc.compile.c++ bin.v2\libs\filesystem\config\gcc-14\release\x86_64\link-static\threadapi-win32\threading-multi\visibility-hidden\has_statx_syscall.o...

...failed updating 1 target...
   gcc.compile.c++ bin.v2\libs\filesystem\config\gcc-14\release\x86_64\link-static\threadapi-win32\threading-multi\visibility-hidden\has_statx_syscall.o
...patience...
...found 15 targets...
...found 112 targets...
...found 1 target...
...found 1 target...
...found 1 target...
...found 1 target...
...found 1 target...
...found 1 target...
...found 1 target...
...found 1 target...
...found 1 target...
...found 1 target...
...found 2 targets...
...found 2 targets...
...updating 1 target...
gcc.compile.c++ bin.v2\libs\filesystem\config\gcc-14\release\x86_64\link-static\threadapi-win32\threading-multi\visibility-hidden\has_stat_st_mtim.o
E:/boost_1_91_0/libs/filesystem/config/has_stat_st_mtim.cpp: In function 'int main()':
E:/boost_1_91_0/libs/filesystem/config/has_stat_st_mtim.cpp:17:8: error: 'struct _stat64' has no member named 'st_mtim'; did you mean 'st_mtime'?
   17 |     st.st_mtim.tv_nsec = 10;
      |        ^~~~~~~
      |        st_mtime

    "g++"   -fvisibility-inlines-hidden -m64 -O3 -finline-functions -Wno-inline -Wall -fvisibility=hidden  -DBOOST_ALL_NO_LIB=1 -DNDEBUG   -I"." -I"E:\boost_1_91_0\libs\filesystem\include" -I"E:\boost_1_91_0\libs\filesystem\src"  -c -o "bin.v2\libs\filesystem\config\gcc-14\release\x86_64\link-static\threadapi-win32\threading-multi\visibility-hidden\has_stat_st_mtim.o" "E:/boost_1_91_0/libs/filesystem/config/has_stat_st_mtim.cpp"

...failed gcc.compile.c++ bin.v2\libs\filesystem\config\gcc-14\release\x86_64\link-static\threadapi-win32\threading-multi\visibility-hidden\has_stat_st_mtim.o...

...failed updating 1 target...
   gcc.compile.c++ bin.v2\libs\filesystem\config\gcc-14\release\x86_64\link-static\threadapi-win32\threading-multi\visibility-hidden\has_stat_st_mtim.o
...found 2 targets...
...updating 1 target...
gcc.compile.c++ bin.v2\libs\filesystem\config\gcc-14\release\x86_64\link-static\threadapi-win32\threading-multi\visibility-hidden\has_stat_st_mtimensec.o
E:/boost_1_91_0/libs/filesystem/config/has_stat_st_mtimensec.cpp: In function 'int main()':
E:/boost_1_91_0/libs/filesystem/config/has_stat_st_mtimensec.cpp:17:8: error: 'struct _stat64' has no member named 'st_mtimensec'; did you mean 'st_mtime'?
   17 |     st.st_mtimensec = 10;
      |        ^~~~~~~~~~~~
      |        st_mtime

    "g++"   -fvisibility-inlines-hidden -m64 -O3 -finline-functions -Wno-inline -Wall -fvisibility=hidden  -DBOOST_ALL_NO_LIB=1 -DNDEBUG   -I"." -I"E:\boost_1_91_0\libs\filesystem\include" -I"E:\boost_1_91_0\libs\filesystem\src"  -c -o "bin.v2\libs\filesystem\config\gcc-14\release\x86_64\link-static\threadapi-win32\threading-multi\visibility-hidden\has_stat_st_mtimensec.o" "E:/boost_1_91_0/libs/filesystem/config/has_stat_st_mtimensec.cpp"

...failed gcc.compile.c++ bin.v2\libs\filesystem\config\gcc-14\release\x86_64\link-static\threadapi-win32\threading-multi\visibility-hidden\has_stat_st_mtimensec.o...

...failed updating 1 target...
   gcc.compile.c++ bin.v2\libs\filesystem\config\gcc-14\release\x86_64\link-static\threadapi-win32\threading-multi\visibility-hidden\has_stat_st_mtimensec.o
...found 2 targets...
...updating 1 target...
gcc.compile.c++ bin.v2\libs\filesystem\config\gcc-14\release\x86_64\link-static\threadapi-win32\threading-multi\visibility-hidden\has_stat_st_mtimespec.o
E:/boost_1_91_0/libs/filesystem/config/has_stat_st_mtimespec.cpp: In function 'int main()':
E:/boost_1_91_0/libs/filesystem/config/has_stat_st_mtimespec.cpp:17:8: error: 'struct _stat64' has no member named 'st_mtimespec'; did you mean 'st_mtime'?
   17 |     st.st_mtimespec.tv_nsec = 10;
      |        ^~~~~~~~~~~~
      |        st_mtime

    "g++"   -fvisibility-inlines-hidden -m64 -O3 -finline-functions -Wno-inline -Wall -fvisibility=hidden  -DBOOST_ALL_NO_LIB=1 -DNDEBUG   -I"." -I"E:\boost_1_91_0\libs\filesystem\include" -I"E:\boost_1_91_0\libs\filesystem\src"  -c -o "bin.v2\libs\filesystem\config\gcc-14\release\x86_64\link-static\threadapi-win32\threading-multi\visibility-hidden\has_stat_st_mtimespec.o" "E:/boost_1_91_0/libs/filesystem/config/has_stat_st_mtimespec.cpp"

...failed gcc.compile.c++ bin.v2\libs\filesystem\config\gcc-14\release\x86_64\link-static\threadapi-win32\threading-multi\visibility-hidden\has_stat_st_mtimespec.o...

...failed updating 1 target...
   gcc.compile.c++ bin.v2\libs\filesystem\config\gcc-14\release\x86_64\link-static\threadapi-win32\threading-multi\visibility-hidden\has_stat_st_mtimespec.o
...found 2 targets...
...updating 1 target...
gcc.compile.c++ bin.v2\libs\filesystem\config\gcc-14\release\x86_64\link-static\threadapi-win32\threading-multi\visibility-hidden\has_stat_st_birthtim.o
E:/boost_1_91_0/libs/filesystem/config/has_stat_st_birthtim.cpp: In function 'int main()':
E:/boost_1_91_0/libs/filesystem/config/has_stat_st_birthtim.cpp:17:8: error: 'struct _stat64' has no member named 'st_birthtim'
   17 |     st.st_birthtim.tv_sec = 1;
      |        ^~~~~~~~~~~
E:/boost_1_91_0/libs/filesystem/config/has_stat_st_birthtim.cpp:18:8: error: 'struct _stat64' has no member named 'st_birthtim'
   18 |     st.st_birthtim.tv_nsec = 10;
      |        ^~~~~~~~~~~

    "g++"   -fvisibility-inlines-hidden -m64 -O3 -finline-functions -Wno-inline -Wall -fvisibility=hidden  -DBOOST_ALL_NO_LIB=1 -DNDEBUG   -I"." -I"E:\boost_1_91_0\libs\filesystem\include" -I"E:\boost_1_91_0\libs\filesystem\src"  -c -o "bin.v2\libs\filesystem\config\gcc-14\release\x86_64\link-static\threadapi-win32\threading-multi\visibility-hidden\has_stat_st_birthtim.o" "E:/boost_1_91_0/libs/filesystem/config/has_stat_st_birthtim.cpp"

...failed gcc.compile.c++ bin.v2\libs\filesystem\config\gcc-14\release\x86_64\link-static\threadapi-win32\threading-multi\visibility-hidden\has_stat_st_birthtim.o...

...failed updating 1 target...
   gcc.compile.c++ bin.v2\libs\filesystem\config\gcc-14\release\x86_64\link-static\threadapi-win32\threading-multi\visibility-hidden\has_stat_st_birthtim.o
...found 2 targets...
...updating 1 target...
gcc.compile.c++ bin.v2\libs\filesystem\config\gcc-14\release\x86_64\link-static\threadapi-win32\threading-multi\visibility-hidden\has_stat_st_birthtimensec.o
E:/boost_1_91_0/libs/filesystem/config/has_stat_st_birthtimensec.cpp: In function 'int main()':
E:/boost_1_91_0/libs/filesystem/config/has_stat_st_birthtimensec.cpp:17:8: error: 'struct _stat64' has no member named 'st_birthtime'
   17 |     st.st_birthtime = 1;
      |        ^~~~~~~~~~~~
E:/boost_1_91_0/libs/filesystem/config/has_stat_st_birthtimensec.cpp:18:8: error: 'struct _stat64' has no member named 'st_birthtimensec'
   18 |     st.st_birthtimensec = 10;
      |        ^~~~~~~~~~~~~~~~

    "g++"   -fvisibility-inlines-hidden -m64 -O3 -finline-functions -Wno-inline -Wall -fvisibility=hidden  -DBOOST_ALL_NO_LIB=1 -DNDEBUG   -I"." -I"E:\boost_1_91_0\libs\filesystem\include" -I"E:\boost_1_91_0\libs\filesystem\src"  -c -o "bin.v2\libs\filesystem\config\gcc-14\release\x86_64\link-static\threadapi-win32\threading-multi\visibility-hidden\has_stat_st_birthtimensec.o" "E:/boost_1_91_0/libs/filesystem/config/has_stat_st_birthtimensec.cpp"

...failed gcc.compile.c++ bin.v2\libs\filesystem\config\gcc-14\release\x86_64\link-static\threadapi-win32\threading-multi\visibility-hidden\has_stat_st_birthtimensec.o...

...failed updating 1 target...
   gcc.compile.c++ bin.v2\libs\filesystem\config\gcc-14\release\x86_64\link-static\threadapi-win32\threading-multi\visibility-hidden\has_stat_st_birthtimensec.o
...found 2 targets...
...updating 1 target...
gcc.compile.c++ bin.v2\libs\filesystem\config\gcc-14\release\x86_64\link-static\threadapi-win32\threading-multi\visibility-hidden\has_stat_st_birthtimespec.o
E:/boost_1_91_0/libs/filesystem/config/has_stat_st_birthtimespec.cpp: In function 'int main()':
E:/boost_1_91_0/libs/filesystem/config/has_stat_st_birthtimespec.cpp:17:8: error: 'struct _stat64' has no member named 'st_birthtimespec'
   17 |     st.st_birthtimespec.tv_sec = 1;
      |        ^~~~~~~~~~~~~~~~
E:/boost_1_91_0/libs/filesystem/config/has_stat_st_birthtimespec.cpp:18:8: error: 'struct _stat64' has no member named 'st_birthtimespec'
   18 |     st.st_birthtimespec.tv_nsec = 10;
      |        ^~~~~~~~~~~~~~~~

    "g++"   -fvisibility-inlines-hidden -m64 -O3 -finline-functions -Wno-inline -Wall -fvisibility=hidden  -DBOOST_ALL_NO_LIB=1 -DNDEBUG   -I"." -I"E:\boost_1_91_0\libs\filesystem\include" -I"E:\boost_1_91_0\libs\filesystem\src"  -c -o "bin.v2\libs\filesystem\config\gcc-14\release\x86_64\link-static\threadapi-win32\threading-multi\visibility-hidden\has_stat_st_birthtimespec.o" "E:/boost_1_91_0/libs/filesystem/config/has_stat_st_birthtimespec.cpp"

...failed gcc.compile.c++ bin.v2\libs\filesystem\config\gcc-14\release\x86_64\link-static\threadapi-win32\threading-multi\visibility-hidden\has_stat_st_birthtimespec.o...

...failed updating 1 target...
   gcc.compile.c++ bin.v2\libs\filesystem\config\gcc-14\release\x86_64\link-static\threadapi-win32\threading-multi\visibility-hidden\has_stat_st_birthtimespec.o
...found 3 targets...
...updating 1 target...
gcc.compile.c++ bin.v2\libs\filesystem\config\gcc-14\release\x86_64\link-static\threadapi-win32\threading-multi\visibility-hidden\has_fdopendir_nofollow.o
E:/boost_1_91_0/libs/filesystem/config/has_fdopendir_nofollow.cpp: In function 'int main()':
E:/boost_1_91_0/libs/filesystem/config/has_fdopendir_nofollow.cpp:17:24: error: 'O_DIRECTORY' was not declared in this scope
   17 |     int fd = open(".", O_DIRECTORY | O_RDONLY | O_NOFOLLOW);
      |                        ^~~~~~~~~~~
E:/boost_1_91_0/libs/filesystem/config/has_fdopendir_nofollow.cpp:17:49: error: 'O_NOFOLLOW' was not declared in this scope
   17 |     int fd = open(".", O_DIRECTORY | O_RDONLY | O_NOFOLLOW);
      |                                                 ^~~~~~~~~~
E:/boost_1_91_0/libs/filesystem/config/has_fdopendir_nofollow.cpp:18:16: error: 'fdopendir' was not declared in this scope; did you mean 'opendir'?
   18 |     DIR* dir = fdopendir(fd);
      |                ^~~~~~~~~
      |                opendir
E:/boost_1_91_0/libs/filesystem/config/has_fdopendir_nofollow.cpp:20:23: error: 'dirfd' was not declared in this scope; did you mean 'dir'?
   20 |     int internal_fd = dirfd(dir);
      |                       ^~~~~
      |                       dir

    "g++"   -fvisibility-inlines-hidden -m64 -O3 -finline-functions -Wno-inline -Wall -fvisibility=hidden  -DBOOST_ALL_NO_LIB=1 -DNDEBUG   -I"." -I"E:\boost_1_91_0\libs\filesystem\include" -I"E:\boost_1_91_0\libs\filesystem\src"  -c -o "bin.v2\libs\filesystem\config\gcc-14\release\x86_64\link-static\threadapi-win32\threading-multi\visibility-hidden\has_fdopendir_nofollow.o" "E:/boost_1_91_0/libs/filesystem/config/has_fdopendir_nofollow.cpp"

...failed gcc.compile.c++ bin.v2\libs\filesystem\config\gcc-14\release\x86_64\link-static\threadapi-win32\threading-multi\visibility-hidden\has_fdopendir_nofollow.o...

...failed updating 1 target...
   gcc.compile.c++ bin.v2\libs\filesystem\config\gcc-14\release\x86_64\link-static\threadapi-win32\threading-multi\visibility-hidden\has_fdopendir_nofollow.o
...found 2 targets...
...updating 1 target...
gcc.compile.c++ bin.v2\libs\filesystem\config\gcc-14\release\x86_64\link-static\threadapi-win32\threading-multi\visibility-hidden\has_dirent_d_type.o
E:/boost_1_91_0/libs/filesystem/config/has_dirent_d_type.cpp: In function 'int main()':
E:/boost_1_91_0/libs/filesystem/config/has_dirent_d_type.cpp:17:18: error: 'struct dirent' has no member named 'd_type'
   17 |     switch (ent->d_type)
      |                  ^~~~~~
E:/boost_1_91_0/libs/filesystem/config/has_dirent_d_type.cpp:19:10: error: 'DT_REG' was not declared in this scope
   19 |     case DT_REG:
      |          ^~~~~~
E:/boost_1_91_0/libs/filesystem/config/has_dirent_d_type.cpp:21:10: error: 'DT_DIR' was not declared in this scope
   21 |     case DT_DIR:
      |          ^~~~~~
E:/boost_1_91_0/libs/filesystem/config/has_dirent_d_type.cpp:23:10: error: 'DT_LNK' was not declared in this scope
   23 |     case DT_LNK:
      |          ^~~~~~
E:/boost_1_91_0/libs/filesystem/config/has_dirent_d_type.cpp:25:10: error: 'DT_SOCK' was not declared in this scope
   25 |     case DT_SOCK:
      |          ^~~~~~~
E:/boost_1_91_0/libs/filesystem/config/has_dirent_d_type.cpp:27:10: error: 'DT_FIFO' was not declared in this scope
   27 |     case DT_FIFO:
      |          ^~~~~~~
E:/boost_1_91_0/libs/filesystem/config/has_dirent_d_type.cpp:29:10: error: 'DT_BLK' was not declared in this scope
   29 |     case DT_BLK:
      |          ^~~~~~
E:/boost_1_91_0/libs/filesystem/config/has_dirent_d_type.cpp:31:10: error: 'DT_CHR' was not declared in this scope
   31 |     case DT_CHR:
      |          ^~~~~~
E:/boost_1_91_0/libs/filesystem/config/has_dirent_d_type.cpp:33:10: error: 'DT_UNKNOWN' was not declared in this scope
   33 |     case DT_UNKNOWN:
      |          ^~~~~~~~~~

    "g++"   -fvisibility-inlines-hidden -m64 -O3 -finline-functions -Wno-inline -Wall -fvisibility=hidden  -DBOOST_ALL_NO_LIB=1 -DNDEBUG   -I"." -I"E:\boost_1_91_0\libs\filesystem\include" -I"E:\boost_1_91_0\libs\filesystem\src"  -c -o "bin.v2\libs\filesystem\config\gcc-14\release\x86_64\link-static\threadapi-win32\threading-multi\visibility-hidden\has_dirent_d_type.o" "E:/boost_1_91_0/libs/filesystem/config/has_dirent_d_type.cpp"

...failed gcc.compile.c++ bin.v2\libs\filesystem\config\gcc-14\release\x86_64\link-static\threadapi-win32\threading-multi\visibility-hidden\has_dirent_d_type.o...

...failed updating 1 target...
   gcc.compile.c++ bin.v2\libs\filesystem\config\gcc-14\release\x86_64\link-static\threadapi-win32\threading-multi\visibility-hidden\has_dirent_d_type.o
...found 3 targets...
...updating 1 target...
gcc.compile.c++ bin.v2\libs\filesystem\config\gcc-14\release\x86_64\link-static\threadapi-win32\threading-multi\visibility-hidden\has_posix_at_apis.o
E:/boost_1_91_0/libs/filesystem/config/has_posix_at_apis.cpp: In function 'int main()':
E:/boost_1_91_0/libs/filesystem/config/has_posix_at_apis.cpp:18:22: error: 'AT_FDCWD' was not declared in this scope
   18 |     int fd1 = openat(AT_FDCWD, "foo", O_DIRECTORY | O_RDONLY);
      |                      ^~~~~~~~
E:/boost_1_91_0/libs/filesystem/config/has_posix_at_apis.cpp:18:39: error: 'O_DIRECTORY' was not declared in this scope
   18 |     int fd1 = openat(AT_FDCWD, "foo", O_DIRECTORY | O_RDONLY);
      |                                       ^~~~~~~~~~~
E:/boost_1_91_0/libs/filesystem/config/has_posix_at_apis.cpp:18:15: error: 'openat' was not declared in this scope; did you mean 'open'?
   18 |     int fd1 = openat(AT_FDCWD, "foo", O_DIRECTORY | O_RDONLY);
      |               ^~~~~~
      |               open
E:/boost_1_91_0/libs/filesystem/config/has_posix_at_apis.cpp:20:15: error: 'unlinkat' was not declared in this scope; did you mean 'unlink'?
   20 |     int res = unlinkat(fd2, "zoo", 0);
      |               ^~~~~~~~
      |               unlink
E:/boost_1_91_0/libs/filesystem/config/has_posix_at_apis.cpp:21:33: error: 'AT_REMOVEDIR' was not declared in this scope
   21 |     res |= unlinkat(fd1, "bar", AT_REMOVEDIR);
      |                                 ^~~~~~~~~~~~
E:/boost_1_91_0/libs/filesystem/config/has_posix_at_apis.cpp:22:12: error: 'renameat' was not declared in this scope; did you mean 'rename'?
   22 |     res |= renameat(AT_FDCWD, "x", fd1, "y");
      |            ^~~~~~~~
      |            rename
E:/boost_1_91_0/libs/filesystem/config/has_posix_at_apis.cpp:25:35: error: 'AT_SYMLINK_NOFOLLOW' was not declared in this scope
   25 |     res |= fstatat(fd1, "y", &st, AT_SYMLINK_NOFOLLOW);
      |                                   ^~~~~~~~~~~~~~~~~~~
E:/boost_1_91_0/libs/filesystem/config/has_posix_at_apis.cpp:25:12: error: 'fstatat' was not declared in this scope; did you mean 'fstat'?
   25 |     res |= fstatat(fd1, "y", &st, AT_SYMLINK_NOFOLLOW);
      |            ^~~~~~~
      |            fstat
E:/boost_1_91_0/libs/filesystem/config/has_posix_at_apis.cpp:27:12: error: 'linkat' was not declared in this scope
   27 |     res |= linkat(fd1, "y", fd1, "z", 0);
      |            ^~~~~~
E:/boost_1_91_0/libs/filesystem/config/has_posix_at_apis.cpp:28:12: error: 'symlinkat' was not declared in this scope
   28 |     res |= symlinkat("foo/z", fd1, "sz");
      |            ^~~~~~~~~
E:/boost_1_91_0/libs/filesystem/config/has_posix_at_apis.cpp:31:12: error: 'readlinkat' was not declared in this scope
   31 |     res |= readlinkat(fd1, "sz", buf, sizeof(buf));
      |            ^~~~~~~~~~
E:/boost_1_91_0/libs/filesystem/config/has_posix_at_apis.cpp:33:12: error: 'mkdirat' was not declared in this scope; did you mean 'mkdir'?
   33 |     res |= mkdirat(fd1, "dir", S_IRUSR | S_IWUSR | S_IRGRP | S_IWGRP | S_IROTH);
      |            ^~~~~~~
      |            mkdir
E:/boost_1_91_0/libs/filesystem/config/has_posix_at_apis.cpp:35:12: error: 'fchmodat' was not declared in this scope; did you mean 'chmod'?
   35 |     res |= fchmodat(fd1, "x", S_IRUSR | S_IWUSR, 0);
      |            ^~~~~~~~
      |            chmod
E:/boost_1_91_0/libs/filesystem/config/has_posix_at_apis.cpp:38:12: error: 'utimensat' was not declared in this scope
   38 |     res |= utimensat(fd1, "x", times, AT_SYMLINK_NOFOLLOW);
      |            ^~~~~~~~~

    "g++"   -fvisibility-inlines-hidden -m64 -O3 -finline-functions -Wno-inline -Wall -fvisibility=hidden  -DBOOST_ALL_NO_LIB=1 -DNDEBUG   -I"." -I"E:\boost_1_91_0\libs\filesystem\include" -I"E:\boost_1_91_0\libs\filesystem\src"  -c -o "bin.v2\libs\filesystem\config\gcc-14\release\x86_64\link-static\threadapi-win32\threading-multi\visibility-hidden\has_posix_at_apis.o" "E:/boost_1_91_0/libs/filesystem/config/has_posix_at_apis.cpp"

...failed gcc.compile.c++ bin.v2\libs\filesystem\config\gcc-14\release\x86_64\link-static\threadapi-win32\threading-multi\visibility-hidden\has_posix_at_apis.o...

...failed updating 1 target...
   gcc.compile.c++ bin.v2\libs\filesystem\config\gcc-14\release\x86_64\link-static\threadapi-win32\threading-multi\visibility-hidden\has_posix_at_apis.o
...found 2 targets...
...updating 1 target...
gcc.compile.c++ bin.v2\libs\filesystem\config\gcc-14\release\x86_64\link-static\threadapi-win32\threading-multi\visibility-hidden\has_fallocate.o
E:/boost_1_91_0/libs/filesystem/config/has_fallocate.cpp: In function 'int main()':
E:/boost_1_91_0/libs/filesystem/config/has_fallocate.cpp:17:29: error: 'FALLOC_FL_KEEP_SIZE' was not declared in this scope
   17 |     int err = fallocate(fd, FALLOC_FL_KEEP_SIZE, 0, 4096);
      |                             ^~~~~~~~~~~~~~~~~~~
E:/boost_1_91_0/libs/filesystem/config/has_fallocate.cpp:17:15: error: 'fallocate' was not declared in this scope
   17 |     int err = fallocate(fd, FALLOC_FL_KEEP_SIZE, 0, 4096);
      |               ^~~~~~~~~

    "g++"   -fvisibility-inlines-hidden -m64 -O3 -finline-functions -Wno-inline -Wall -fvisibility=hidden  -DBOOST_ALL_NO_LIB=1 -DNDEBUG   -I"." -I"E:\boost_1_91_0\libs\filesystem\include" -I"E:\boost_1_91_0\libs\filesystem\src"  -c -o "bin.v2\libs\filesystem\config\gcc-14\release\x86_64\link-static\threadapi-win32\threading-multi\visibility-hidden\has_fallocate.o" "E:/boost_1_91_0/libs/filesystem/config/has_fallocate.cpp"

...failed gcc.compile.c++ bin.v2\libs\filesystem\config\gcc-14\release\x86_64\link-static\threadapi-win32\threading-multi\visibility-hidden\has_fallocate.o...

...failed updating 1 target...
   gcc.compile.c++ bin.v2\libs\filesystem\config\gcc-14\release\x86_64\link-static\threadapi-win32\threading-multi\visibility-hidden\has_fallocate.o
...found 14 targets...
...updating 1 target...
gcc.compile.c++ bin.v2\libs\atomic\config\gcc-14\release\x86_64\link-static\threadapi-win32\threading-multi\visibility-hidden\has_pthread_cond_clockwait.o
E:/boost_1_91_0/libs/atomic/config/has_pthread_cond_clockwait.cpp: In function 'int main(int, char**)':
E:/boost_1_91_0/libs/atomic/config/has_pthread_cond_clockwait.cpp:28:15: error: 'pthread_cond_clockwait' was not declared in this scope; did you mean 'pthread_cond_wait'?
   28 |     int err = pthread_cond_clockwait(&cond, &mut, CLOCK_REALTIME, &ts);
      |               ^~~~~~~~~~~~~~~~~~~~~~
      |               pthread_cond_wait

    "g++"   -fvisibility-inlines-hidden -m64 -O3 -finline-functions -Wno-inline -Wall -fvisibility=hidden  -DBOOST_ALL_NO_LIB=1 -DNDEBUG   -I"."  -c -o "bin.v2\libs\atomic\config\gcc-14\release\x86_64\link-static\threadapi-win32\threading-multi\visibility-hidden\has_pthread_cond_clockwait.o" "E:/boost_1_91_0/libs/atomic/config/has_pthread_cond_clockwait.cpp"

...failed gcc.compile.c++ bin.v2\libs\atomic\config\gcc-14\release\x86_64\link-static\threadapi-win32\threading-multi\visibility-hidden\has_pthread_cond_clockwait.o...

...failed updating 1 target...
   gcc.compile.c++ bin.v2\libs\atomic\config\gcc-14\release\x86_64\link-static\threadapi-win32\threading-multi\visibility-hidden\has_pthread_cond_clockwait.o
...found 3 targets...
...found 3 targets...
...found 1 target...
...found 1 target...
...found 1 target...
...found 1 target...
...found 1 target...
...found 1 target...
...found 1 target...
...found 2 targets...
...found 3 targets...
...found 1 target...
...found 1 target...
...found 1 target...
...found 12 targets...
...found 1 target...
...updating 1 target...
config-cache.write bin.v2\project-cache.jam

...updated 1 target...
